[INFO]  snarkJS: Reading r1cs
[INFO]  snarkJS: Reading tauG1
[INFO]  snarkJS: Reading tauG2
[INFO]  snarkJS: Reading alphatauG1
[INFO]  snarkJS: Reading betatauG1
[INFO]  snarkJS: Circuit hash: 
		90572ca7 b19ce9e3 1f59b839 08480212
		b944e9eb a4f4f951 0f3211f1 f93ce5e0
		98ad1be0 537fd764 46d58924 698c8ce5
		306a0217 0194e075 860bf15d e9bfc3a6
[INFO]  snarkJS: Circuit Hash: 
		90572ca7 b19ce9e3 1f59b839 08480212
		b944e9eb a4f4f951 0f3211f1 f93ce5e0
		98ad1be0 537fd764 46d58924 698c8ce5
		306a0217 0194e075 860bf15d e9bfc3a6
[INFO]  snarkJS: -------------------------
[INFO]  snarkJS: contribution #1 local-experiment:
		b6896c75 80b5d5d3 acc572ff 92d955f5
		f94859f5 fe5a592f 9b6297c1 288bfab0
		0bb108e6 5ebbc0cc 5aadc0c1 e13a8f2c
		9afb8003 9e327a6f 4035135b cec9a87c
[INFO]  snarkJS: -------------------------
[INFO]  snarkJS: ZKey Ok!
