[INFO]  snarkJS: Reading r1cs
[INFO]  snarkJS: Reading tauG1
[INFO]  snarkJS: Reading tauG2
[INFO]  snarkJS: Reading alphatauG1
[INFO]  snarkJS: Reading betatauG1
[INFO]  snarkJS: Circuit hash: 
		c2cd2bc2 33706102 040c1fc8 6194b938
		64ca8cc5 7d4b9eb0 883519fc b505ab34
		a12108f0 b4bd1040 4083f906 a1951f4f
		fbf48a20 9ddc9854 e912335d a26ea441
[INFO]  snarkJS: Circuit Hash: 
		c2cd2bc2 33706102 040c1fc8 6194b938
		64ca8cc5 7d4b9eb0 883519fc b505ab34
		a12108f0 b4bd1040 4083f906 a1951f4f
		fbf48a20 9ddc9854 e912335d a26ea441
[INFO]  snarkJS: -------------------------
[INFO]  snarkJS: contribution #1 local-experiment:
		1711ad3f 05edfddc 61844a46 c130cbdb
		e7027ebc 135b32d2 35aeb5fd 8ec6f511
		a602bcde c45da4ec e0a2dc6d 2e662e98
		0570c147 95e4ba10 5926d280 e8277bce
[INFO]  snarkJS: -------------------------
[INFO]  snarkJS: ZKey Ok!
