[INFO]  snarkJS: Reading r1cs
[INFO]  snarkJS: Reading tauG1
[INFO]  snarkJS: Reading tauG2
[INFO]  snarkJS: Reading alphatauG1
[INFO]  snarkJS: Reading betatauG1
[INFO]  snarkJS: Circuit hash: 
		330383cd 4f11018b 25e49d90 9a24450e
		54134c0b fb18b679 c94e4e6b 182b8367
		9416d8c3 3eae7499 82caa8a9 3ec21bea
		38bc9a87 d987ada5 3af532b8 a8b3dc10
[INFO]  snarkJS: Circuit Hash: 
		330383cd 4f11018b 25e49d90 9a24450e
		54134c0b fb18b679 c94e4e6b 182b8367
		9416d8c3 3eae7499 82caa8a9 3ec21bea
		38bc9a87 d987ada5 3af532b8 a8b3dc10
[INFO]  snarkJS: -------------------------
[INFO]  snarkJS: contribution #1 local-experiment:
		c200e564 fb57ae6c 95190251 5675738b
		5e7d0908 27205562 59f9b2b3 a91a6f9b
		1e5442ae bca4d7e2 126baeb0 e77f1f19
		3df797bc c59b570e 15ba12a2 41811f4b
[INFO]  snarkJS: -------------------------
[INFO]  snarkJS: ZKey Ok!
