[INFO]  snarkJS: Reading r1cs
[INFO]  snarkJS: Reading tauG1
[INFO]  snarkJS: Reading tauG2
[INFO]  snarkJS: Reading alphatauG1
[INFO]  snarkJS: Reading betatauG1
[INFO]  snarkJS: Circuit hash: 
		1741d502 c0b60fa7 2c671f92 530dd30a
		453c7539 7d66ebf7 baf5dcff e0ff59ee
		8bcd5d19 c88eb905 4511a85e 64b6d171
		526444e9 1cadfa1f 1b770e35 005902b8
[INFO]  snarkJS: Circuit Hash: 
		1741d502 c0b60fa7 2c671f92 530dd30a
		453c7539 7d66ebf7 baf5dcff e0ff59ee
		8bcd5d19 c88eb905 4511a85e 64b6d171
		526444e9 1cadfa1f 1b770e35 005902b8
[INFO]  snarkJS: -------------------------
[INFO]  snarkJS: contribution #1 local-experiment:
		8af9c1fb 9f855cf6 e41db306 d5cc997c
		0841fc54 ae4d2ad2 0706ed10 4c9d7a75
		5ef42930 819a6516 d2012a55 e7854058
		4a82526f 6189dbcc 90bacee4 1a88ff56
[INFO]  snarkJS: -------------------------
[INFO]  snarkJS: ZKey Ok!
