[INFO]  snarkJS: Reading r1cs
[INFO]  snarkJS: Reading tauG1
[INFO]  snarkJS: Reading tauG2
[INFO]  snarkJS: Reading alphatauG1
[INFO]  snarkJS: Reading betatauG1
[INFO]  snarkJS: Circuit hash: 
		ceb837f9 43f8e3eb 7646b639 c38a1b0c
		99c9e442 5a50836e f0712fc7 bbc5d18b
		4f0a2c32 95a2f24f 125e26c1 da665535
		e2f8d7df a7f6116d c1b3db53 34c102d8
[INFO]  snarkJS: Circuit Hash: 
		ceb837f9 43f8e3eb 7646b639 c38a1b0c
		99c9e442 5a50836e f0712fc7 bbc5d18b
		4f0a2c32 95a2f24f 125e26c1 da665535
		e2f8d7df a7f6116d c1b3db53 34c102d8
[INFO]  snarkJS: -------------------------
[INFO]  snarkJS: contribution #1 local-experiment:
		416a18bf 8852ffaa d70dbef5 9c50616f
		377b27f7 070ce5a9 57f849ab e53919be
		ffd32e00 b59e1549 14475113 8a56af98
		580563fa d287a3c7 6f0e0498 0ab38b7d
[INFO]  snarkJS: -------------------------
[INFO]  snarkJS: ZKey Ok!
